Component: ARM Compiler 5.06 update 6 (build 750) Tool: armlink [4d35ed]

==============================================================================

Section Cross References

    main.o(i.GPIO_Configuration) refers to stm32f4xx_rcc.o(i.RCC_AHB1PeriphClockCmd) for RCC_AHB1PeriphClockCmd
    main.o(i.GPIO_Configuration) refers to stm32f4xx_gpio.o(i.GPIO_Init) for GPIO_Init
    main.o(i.GPIO_Configuration) refers to main.o(.data) for .data
    main.o(i.main) refers to main.o(i.GPIO_Configuration) for GPIO_Configuration
    main.o(i.main) refers to stm32f4xx_gpio.o(i.GPIO_ReadInputDataBit) for GPIO_ReadInputDataBit
    main.o(i.main) refers to stm32f4xx_gpio.o(i.GPIO_SetBits) for GPIO_SetBits
    main.o(i.main) refers to stm32f4xx_gpio.o(i.GPIO_ResetBits) for GPIO_ResetBits
    stm32f4xx_gpio.o(i.GPIO_DeInit) refers to stm32f4xx_rcc.o(i.RCC_AHB1PeriphResetCmd) for RCC_AHB1PeriphResetCmd
    stm32f4xx_rcc.o(i.RCC_GetClocksFreq) refers to stm32f4xx_rcc.o(.data) for .data
    stm32f4xx_rcc.o(i.RCC_WaitForHSEStartUp) refers to stm32f4xx_rcc.o(i.RCC_GetFlagStatus) for RCC_GetFlagStatus
    system_stm32f4xx.o(i.SystemCoreClockUpdate) refers to system_stm32f4xx.o(.data) for .data
    system_stm32f4xx.o(i.SystemInit) refers to system_stm32f4xx.o(i.SetSysClock) for SetSysClock
    startup_stm32f411xe.o(STACK) refers (Special) to heapauxi.o(.text) for __use_two_region_memory
    startup_stm32f411xe.o(HEAP) refers (Special) to heapauxi.o(.text) for __use_two_region_memory
    startup_stm32f411xe.o(RESET) refers (Special) to heapauxi.o(.text) for __use_two_region_memory
    startup_stm32f411xe.o(RESET) refers to startup_stm32f411xe.o(STACK) for __initial_sp
    startup_stm32f411xe.o(RESET) refers to startup_stm32f411xe.o(.text) for Reset_Handler
    startup_stm32f411xe.o(RESET) refers to stm32f4xx_it.o(i.NMI_Handler) for NMI_Handler
    startup_stm32f411xe.o(RESET) refers to stm32f4xx_it.o(i.HardFault_Handler) for HardFault_Handler
    startup_stm32f411xe.o(RESET) refers to stm32f4xx_it.o(i.MemManage_Handler) for MemManage_Handler
    startup_stm32f411xe.o(RESET) refers to stm32f4xx_it.o(i.BusFault_Handler) for BusFault_Handler
    startup_stm32f411xe.o(RESET) refers to stm32f4xx_it.o(i.UsageFault_Handler) for UsageFault_Handler
    startup_stm32f411xe.o(RESET) refers to stm32f4xx_it.o(i.SVC_Handler) for SVC_Handler
    startup_stm32f411xe.o(RESET) refers to stm32f4xx_it.o(i.DebugMon_Handler) for DebugMon_Handler
    startup_stm32f411xe.o(RESET) refers to stm32f4xx_it.o(i.PendSV_Handler) for PendSV_Handler
    startup_stm32f411xe.o(RESET) refers to stm32f4xx_it.o(i.SysTick_Handler) for SysTick_Handler
    startup_stm32f411xe.o(.text) refers (Special) to heapauxi.o(.text) for __use_two_region_memory
    startup_stm32f411xe.o(.text) refers to system_stm32f4xx.o(i.SystemInit) for SystemInit
    startup_stm32f411xe.o(.text) refers to __main.o(!!!main) for __main
    startup_stm32f411xe.o(.text) refers to startup_stm32f411xe.o(HEAP) for Heap_Mem
    startup_stm32f411xe.o(.text) refers to startup_stm32f411xe.o(STACK) for Stack_Mem
    __main.o(!!!main) refers to __rtentry.o(.ARM.Collect$$rtentry$$00000000) for __rt_entry
    __rtentry.o(.ARM.Collect$$rtentry$$00000000) refers (Special) to __rtentry2.o(.ARM.Collect$$rtentry$$0000000A) for __rt_entry_li
    __rtentry.o(.ARM.Collect$$rtentry$$00000000) refers (Special) to __rtentry2.o(.ARM.Collect$$rtentry$$0000000D) for __rt_entry_main
    __rtentry.o(.ARM.Collect$$rtentry$$00000000) refers (Special) to __rtentry2.o(.ARM.Collect$$rtentry$$0000000C) for __rt_entry_postli_1
    __rtentry.o(.ARM.Collect$$rtentry$$00000000) refers (Special) to __rtentry2.o(.ARM.Collect$$rtentry$$00000009) for __rt_entry_postsh_1
    __rtentry.o(.ARM.Collect$$rtentry$$00000000) refers (Special) to __rtentry2.o(.ARM.Collect$$rtentry$$00000002) for __rt_entry_presh_1
    __rtentry.o(.ARM.Collect$$rtentry$$00000000) refers (Special) to __rtentry4.o(.ARM.Collect$$rtentry$$00000004) for __rt_entry_sh
    __rtentry2.o(.ARM.Collect$$rtentry$$00000008) refers to boardinit2.o(.text) for _platform_post_stackheap_init
    __rtentry2.o(.ARM.Collect$$rtentry$$0000000A) refers to libinit.o(.ARM.Collect$$libinit$$00000000) for __rt_lib_init
    __rtentry2.o(.ARM.Collect$$rtentry$$0000000B) refers to boardinit3.o(.text) for _platform_post_lib_init
    __rtentry2.o(.ARM.Collect$$rtentry$$0000000D) refers to main.o(i.main) for main
    __rtentry2.o(.ARM.Collect$$rtentry$$0000000D) refers to exit.o(.text) for exit
    __rtentry2.o(.ARM.exidx) refers to __rtentry2.o(.ARM.Collect$$rtentry$$00000001) for .ARM.Collect$$rtentry$$00000001
    __rtentry2.o(.ARM.exidx) refers to __rtentry2.o(.ARM.Collect$$rtentry$$00000008) for .ARM.Collect$$rtentry$$00000008
    __rtentry2.o(.ARM.exidx) refers to __rtentry2.o(.ARM.Collect$$rtentry$$0000000A) for .ARM.Collect$$rtentry$$0000000A
    __rtentry2.o(.ARM.exidx) refers to __rtentry2.o(.ARM.Collect$$rtentry$$0000000B) for .ARM.Collect$$rtentry$$0000000B
    __rtentry2.o(.ARM.exidx) refers to __rtentry2.o(.ARM.Collect$$rtentry$$0000000D) for .ARM.Collect$$rtentry$$0000000D
    __rtentry4.o(.ARM.Collect$$rtentry$$00000004) refers to sys_stackheap_outer.o(.text) for __user_setup_stackheap
    __rtentry4.o(.ARM.exidx) refers to __rtentry4.o(.ARM.Collect$$rtentry$$00000004) for .ARM.Collect$$rtentry$$00000004
    sys_stackheap_outer.o(.text) refers to libspace.o(.text) for __user_perproc_libspace
    sys_stackheap_outer.o(.text) refers to startup_stm32f411xe.o(.text) for __user_initial_stackheap
    exit.o(.text) refers to rtexit.o(.ARM.Collect$$rtexit$$00000000) for __rt_exit
    libinit.o(.ARM.Collect$$libinit$$00000000) refers (Special) to libinit2.o(.ARM.Collect$$libinit$$0000002E) for __rt_lib_init_alloca_1
    libinit.o(.ARM.Collect$$libinit$$00000000) refers (Special) to libinit2.o(.ARM.Collect$$libinit$$0000002C) for __rt_lib_init_argv_1
    libinit.o(.ARM.Collect$$libinit$$00000000) refers (Special) to libinit2.o(.ARM.Collect$$libinit$$0000001B) for __rt_lib_init_atexit_1
    libinit.o(.ARM.Collect$$libinit$$00000000) refers (Special) to libinit2.o(.ARM.Collect$$libinit$$00000021) for __rt_lib_init_clock_1
    libinit.o(.ARM.Collect$$libinit$$00000000) refers (Special) to libinit2.o(.ARM.Collect$$libinit$$00000032) for __rt_lib_init_cpp_1
    libinit.o(.ARM.Collect$$libinit$$00000000) refers (Special) to libinit2.o(.ARM.Collect$$libinit$$00000030) for __rt_lib_init_exceptions_1
    libinit.o(.ARM.Collect$$libinit$$00000000) refers (Special) to libinit2.o(.ARM.Collect$$libinit$$00000001) for __rt_lib_init_fp_1
    libinit.o(.ARM.Collect$$libinit$$00000000) refers (Special) to libinit2.o(.ARM.Collect$$libinit$$0000001F) for __rt_lib_init_fp_trap_1
    libinit.o(.ARM.Collect$$libinit$$00000000) refers (Special) to libinit2.o(.ARM.Collect$$libinit$$00000023) for __rt_lib_init_getenv_1
    libinit.o(.ARM.Collect$$libinit$$00000000) refers (Special) to libinit2.o(.ARM.Collect$$libinit$$0000000A) for __rt_lib_init_heap_1
    libinit.o(.ARM.Collect$$libinit$$00000000) refers (Special) to libinit2.o(.ARM.Collect$$libinit$$00000011) for __rt_lib_init_lc_collate_1
    libinit.o(.ARM.Collect$$libinit$$00000000) refers (Special) to libinit2.o(.ARM.Collect$$libinit$$00000013) for __rt_lib_init_lc_ctype_1
    libinit.o(.ARM.Collect$$libinit$$00000000) refers (Special) to libinit2.o(.ARM.Collect$$libinit$$00000015) for __rt_lib_init_lc_monetary_1
    libinit.o(.ARM.Collect$$libinit$$00000000) refers (Special) to libinit2.o(.ARM.Collect$$libinit$$00000017) for __rt_lib_init_lc_numeric_1
    libinit.o(.ARM.Collect$$libinit$$00000000) refers (Special) to libinit2.o(.ARM.Collect$$libinit$$00000019) for __rt_lib_init_lc_time_1
    libinit.o(.ARM.Collect$$libinit$$00000000) refers (Special) to libinit2.o(.ARM.Collect$$libinit$$00000004) for __rt_lib_init_preinit_1
    libinit.o(.ARM.Collect$$libinit$$00000000) refers (Special) to libinit2.o(.ARM.Collect$$libinit$$0000000E) for __rt_lib_init_rand_1
    libinit.o(.ARM.Collect$$libinit$$00000000) refers (Special) to libinit2.o(.ARM.Collect$$libinit$$00000033) for __rt_lib_init_return
    libinit.o(.ARM.Collect$$libinit$$00000000) refers (Special) to libinit2.o(.ARM.Collect$$libinit$$0000001D) for __rt_lib_init_signal_1
    libinit.o(.ARM.Collect$$libinit$$00000000) refers (Special) to libinit2.o(.ARM.Collect$$libinit$$00000025) for __rt_lib_init_stdio_1
    libinit.o(.ARM.Collect$$libinit$$00000000) refers (Special) to libinit2.o(.ARM.Collect$$libinit$$0000000C) for __rt_lib_init_user_alloc_1
    libspace.o(.text) refers to libspace.o(.bss) for __libspace_start
    rtexit.o(.ARM.Collect$$rtexit$$00000000) refers (Special) to rtexit2.o(.ARM.Collect$$rtexit$$00000004) for __rt_exit_exit
    rtexit.o(.ARM.Collect$$rtexit$$00000000) refers (Special) to rtexit2.o(.ARM.Collect$$rtexit$$00000003) for __rt_exit_ls
    rtexit.o(.ARM.Collect$$rtexit$$00000000) refers (Special) to rtexit2.o(.ARM.Collect$$rtexit$$00000002) for __rt_exit_prels_1
    rtexit.o(.ARM.exidx) refers (Special) to rtexit2.o(.ARM.Collect$$rtexit$$00000004) for __rt_exit_exit
    rtexit.o(.ARM.exidx) refers (Special) to rtexit2.o(.ARM.Collect$$rtexit$$00000003) for __rt_exit_ls
    rtexit.o(.ARM.exidx) refers (Special) to rtexit2.o(.ARM.Collect$$rtexit$$00000002) for __rt_exit_prels_1
    rtexit.o(.ARM.exidx) refers to rtexit.o(.ARM.Collect$$rtexit$$00000000) for .ARM.Collect$$rtexit$$00000000
    libinit2.o(.ARM.Collect$$libinit$$00000001) refers to fpinit.o(x$fpl$fpinit) for _fp_init
    libinit2.o(.ARM.Collect$$libinit$$00000010) refers to libinit2.o(.ARM.Collect$$libinit$$0000000F) for .ARM.Collect$$libinit$$0000000F
    libinit2.o(.ARM.Collect$$libinit$$00000012) refers to libinit2.o(.ARM.Collect$$libinit$$0000000F) for .ARM.Collect$$libinit$$0000000F
    libinit2.o(.ARM.Collect$$libinit$$00000014) refers to libinit2.o(.ARM.Collect$$libinit$$0000000F) for .ARM.Collect$$libinit$$0000000F
    libinit2.o(.ARM.Collect$$libinit$$00000016) refers to libinit2.o(.ARM.Collect$$libinit$$0000000F) for .ARM.Collect$$libinit$$0000000F
    libinit2.o(.ARM.Collect$$libinit$$00000018) refers to libinit2.o(.ARM.Collect$$libinit$$0000000F) for .ARM.Collect$$libinit$$0000000F
    libinit2.o(.ARM.Collect$$libinit$$00000026) refers to argv_veneer.o(.emb_text) for __ARM_argv_veneer
    libinit2.o(.ARM.Collect$$libinit$$00000027) refers to argv_veneer.o(.emb_text) for __ARM_argv_veneer
    rtexit2.o(.ARM.Collect$$rtexit$$00000003) refers to libshutdown.o(.ARM.Collect$$libshutdown$$00000000) for __rt_lib_shutdown
    rtexit2.o(.ARM.Collect$$rtexit$$00000004) refers to sys_exit.o(.text) for _sys_exit
    rtexit2.o(.ARM.exidx) refers to rtexit2.o(.ARM.Collect$$rtexit$$00000001) for .ARM.Collect$$rtexit$$00000001
    rtexit2.o(.ARM.exidx) refers to rtexit2.o(.ARM.Collect$$rtexit$$00000003) for .ARM.Collect$$rtexit$$00000003
    rtexit2.o(.ARM.exidx) refers to rtexit2.o(.ARM.Collect$$rtexit$$00000004) for .ARM.Collect$$rtexit$$00000004
    argv_veneer.o(.emb_text) refers to no_argv.o(.text) for __ARM_get_argv
    sys_exit.o(.text) refers (Special) to use_no_semi.o(.text) for __I$use$semihosting
    sys_exit.o(.text) refers (Special) to indicate_semi.o(.text) for __semihosting_library_function
    _get_argv_nomalloc.o(.text) refers (Special) to hrguard.o(.text) for __heap_region$guard
    _get_argv_nomalloc.o(.text) refers to defsig_rtmem_outer.o(.text) for __rt_SIGRTMEM
    _get_argv_nomalloc.o(.text) refers to sys_command.o(.text) for _sys_command_string
    libshutdown.o(.ARM.Collect$$libshutdown$$00000000) refers (Special) to libshutdown2.o(.ARM.Collect$$libshutdown$$00000002) for __rt_lib_shutdown_cpp_1
    libshutdown.o(.ARM.Collect$$libshutdown$$00000000) refers (Special) to libshutdown2.o(.ARM.Collect$$libshutdown$$00000007) for __rt_lib_shutdown_fp_trap_1
    libshutdown.o(.ARM.Collect$$libshutdown$$00000000) refers (Special) to libshutdown2.o(.ARM.Collect$$libshutdown$$0000000F) for __rt_lib_shutdown_heap_1
    libshutdown.o(.ARM.Collect$$libshutdown$$00000000) refers (Special) to libshutdown2.o(.ARM.Collect$$libshutdown$$00000010) for __rt_lib_shutdown_return
    libshutdown.o(.ARM.Collect$$libshutdown$$00000000) refers (Special) to libshutdown2.o(.ARM.Collect$$libshutdown$$0000000A) for __rt_lib_shutdown_signal_1
    libshutdown.o(.ARM.Collect$$libshutdown$$00000000) refers (Special) to libshutdown2.o(.ARM.Collect$$libshutdown$$00000004) for __rt_lib_shutdown_stdio_1
    libshutdown.o(.ARM.Collect$$libshutdown$$00000000) refers (Special) to libshutdown2.o(.ARM.Collect$$libshutdown$$0000000C) for __rt_lib_shutdown_user_alloc_1
    sys_command.o(.text) refers (Special) to use_no_semi.o(.text) for __I$use$semihosting
    sys_command.o(.text) refers (Special) to indicate_semi.o(.text) for __semihosting_library_function
    defsig_rtmem_outer.o(.text) refers to defsig_rtmem_inner.o(.text) for __rt_SIGRTMEM_inner
    defsig_rtmem_outer.o(.text) refers to defsig_exit.o(.text) for __sig_exit
    defsig_rtmem_formal.o(.text) refers to rt_raise.o(.text) for __rt_raise
    rt_raise.o(.text) refers to __raise.o(.text) for __raise
    rt_raise.o(.text) refers to sys_exit.o(.text) for _sys_exit
    defsig_exit.o(.text) refers to sys_exit.o(.text) for _sys_exit
    defsig_rtmem_inner.o(.text) refers to defsig_general.o(.text) for __default_signal_display
    __raise.o(.text) refers to defsig.o(CL$$defsig) for __default_signal_handler
    defsig_general.o(.text) refers to sys_wrch.o(.text) for _ttywrch
    sys_wrch.o(.text) refers (Special) to use_no_semi.o(.text) for __I$use$semihosting
    sys_wrch.o(.text) refers (Special) to indicate_semi.o(.text) for __semihosting_library_function
    defsig.o(CL$$defsig) refers to defsig_rtmem_inner.o(.text) for __rt_SIGRTMEM_inner
    defsig_abrt_inner.o(.text) refers to defsig_general.o(.text) for __default_signal_display
    defsig_fpe_inner.o(.text) refers to defsig_general.o(.text) for __default_signal_display
    defsig_rtred_inner.o(.text) refers to defsig_general.o(.text) for __default_signal_display
    defsig_stak_inner.o(.text) refers to defsig_general.o(.text) for __default_signal_display
    defsig_pvfn_inner.o(.text) refers to defsig_general.o(.text) for __default_signal_display
    defsig_cppl_inner.o(.text) refers to defsig_general.o(.text) for __default_signal_display
    defsig_segv_inner.o(.text) refers to defsig_general.o(.text) for __default_signal_display
    defsig_other.o(.text) refers to defsig_general.o(.text) for __default_signal_display


==============================================================================

Removing Unused input sections from the image.

    Removing main.o(.rev16_text), (4 bytes).
    Removing main.o(.revsh_text), (4 bytes).
    Removing main.o(i.Delay), (12 bytes).
    Removing stm32f4xx_it.o(.rev16_text), (4 bytes).
    Removing stm32f4xx_it.o(.revsh_text), (4 bytes).
    Removing stm32f4xx_gpio.o(.rev16_text), (4 bytes).
    Removing stm32f4xx_gpio.o(.revsh_text), (4 bytes).
    Removing stm32f4xx_gpio.o(i.GPIO_DeInit), (260 bytes).
    Removing stm32f4xx_gpio.o(i.GPIO_PinAFConfig), (32 bytes).
    Removing stm32f4xx_gpio.o(i.GPIO_PinLockConfig), (24 bytes).
    Removing stm32f4xx_gpio.o(i.GPIO_ReadInputData), (6 bytes).
    Removing stm32f4xx_gpio.o(i.GPIO_ReadOutputData), (6 bytes).
    Removing stm32f4xx_gpio.o(i.GPIO_ReadOutputDataBit), (14 bytes).
    Removing stm32f4xx_gpio.o(i.GPIO_StructInit), (18 bytes).
    Removing stm32f4xx_gpio.o(i.GPIO_ToggleBits), (8 bytes).
    Removing stm32f4xx_gpio.o(i.GPIO_Write), (4 bytes).
    Removing stm32f4xx_gpio.o(i.GPIO_WriteBit), (10 bytes).
    Removing stm32f4xx_rcc.o(.rev16_text), (4 bytes).
    Removing stm32f4xx_rcc.o(.revsh_text), (4 bytes).
    Removing stm32f4xx_rcc.o(i.RCC_AHB1PeriphClockLPModeCmd), (24 bytes).
    Removing stm32f4xx_rcc.o(i.RCC_AHB1PeriphResetCmd), (24 bytes).
    Removing stm32f4xx_rcc.o(i.RCC_AHB2PeriphClockCmd), (24 bytes).
    Removing stm32f4xx_rcc.o(i.RCC_AHB2PeriphClockLPModeCmd), (24 bytes).
    Removing stm32f4xx_rcc.o(i.RCC_AHB2PeriphResetCmd), (24 bytes).
    Removing stm32f4xx_rcc.o(i.RCC_APB1PeriphClockCmd), (24 bytes).
    Removing stm32f4xx_rcc.o(i.RCC_APB1PeriphClockLPModeCmd), (24 bytes).
    Removing stm32f4xx_rcc.o(i.RCC_APB1PeriphResetCmd), (24 bytes).
    Removing stm32f4xx_rcc.o(i.RCC_APB2PeriphClockCmd), (24 bytes).
    Removing stm32f4xx_rcc.o(i.RCC_APB2PeriphClockLPModeCmd), (24 bytes).
    Removing stm32f4xx_rcc.o(i.RCC_APB2PeriphResetCmd), (24 bytes).
    Removing stm32f4xx_rcc.o(i.RCC_AdjustHSICalibrationValue), (20 bytes).
    Removing stm32f4xx_rcc.o(i.RCC_BackupResetCmd), (12 bytes).
    Removing stm32f4xx_rcc.o(i.RCC_ClearFlag), (16 bytes).
    Removing stm32f4xx_rcc.o(i.RCC_ClearITPendingBit), (12 bytes).
    Removing stm32f4xx_rcc.o(i.RCC_ClockSecuritySystemCmd), (12 bytes).
    Removing stm32f4xx_rcc.o(i.RCC_DeInit), (80 bytes).
    Removing stm32f4xx_rcc.o(i.RCC_GetClocksFreq), (148 bytes).
    Removing stm32f4xx_rcc.o(i.RCC_GetFlagStatus), (52 bytes).
    Removing stm32f4xx_rcc.o(i.RCC_GetITStatus), (20 bytes).
    Removing stm32f4xx_rcc.o(i.RCC_GetSYSCLKSource), (16 bytes).
    Removing stm32f4xx_rcc.o(i.RCC_HCLKConfig), (20 bytes).
    Removing stm32f4xx_rcc.o(i.RCC_HSEConfig), (16 bytes).
    Removing stm32f4xx_rcc.o(i.RCC_HSICmd), (12 bytes).
    Removing stm32f4xx_rcc.o(i.RCC_I2SCLKConfig), (12 bytes).
    Removing stm32f4xx_rcc.o(i.RCC_ITConfig), (24 bytes).
    Removing stm32f4xx_rcc.o(i.RCC_LSEConfig), (28 bytes).
    Removing stm32f4xx_rcc.o(i.RCC_LSEModeConfig), (28 bytes).
    Removing stm32f4xx_rcc.o(i.RCC_LSICmd), (12 bytes).
    Removing stm32f4xx_rcc.o(i.RCC_LTDCCLKDivConfig), (20 bytes).
    Removing stm32f4xx_rcc.o(i.RCC_MCO1Config), (20 bytes).
    Removing stm32f4xx_rcc.o(i.RCC_MCO2Config), (20 bytes).
    Removing stm32f4xx_rcc.o(i.RCC_PCLK1Config), (20 bytes).
    Removing stm32f4xx_rcc.o(i.RCC_PCLK2Config), (20 bytes).
    Removing stm32f4xx_rcc.o(i.RCC_PLLCmd), (12 bytes).
    Removing stm32f4xx_rcc.o(i.RCC_PLLConfig), (40 bytes).
    Removing stm32f4xx_rcc.o(i.RCC_PLLI2SCmd), (12 bytes).
    Removing stm32f4xx_rcc.o(i.RCC_PLLI2SConfig), (20 bytes).
    Removing stm32f4xx_rcc.o(i.RCC_PLLSAICmd), (12 bytes).
    Removing stm32f4xx_rcc.o(i.RCC_PLLSAIConfig), (20 bytes).
    Removing stm32f4xx_rcc.o(i.RCC_RTCCLKCmd), (12 bytes).
    Removing stm32f4xx_rcc.o(i.RCC_RTCCLKConfig), (48 bytes).
    Removing stm32f4xx_rcc.o(i.RCC_SAIPLLI2SClkDivConfig), (20 bytes).
    Removing stm32f4xx_rcc.o(i.RCC_SAIPLLSAIClkDivConfig), (28 bytes).
    Removing stm32f4xx_rcc.o(i.RCC_SYSCLKConfig), (20 bytes).
    Removing stm32f4xx_rcc.o(i.RCC_TIMCLKPresConfig), (12 bytes).
    Removing stm32f4xx_rcc.o(i.RCC_WaitForHSEStartUp), (44 bytes).
    Removing stm32f4xx_rcc.o(.data), (16 bytes).
    Removing system_stm32f4xx.o(.rev16_text), (4 bytes).
    Removing system_stm32f4xx.o(.revsh_text), (4 bytes).
    Removing system_stm32f4xx.o(i.SystemCoreClockUpdate), (124 bytes).
    Removing system_stm32f4xx.o(.data), (16 bytes).

71 unused section(s) (total 1794 bytes) removed from the image.
